// Jest Snapshot v1, https://goo.gl/fbAQLP

exports[`renders correctly 1`] = `
<section
  className="section"
  id="contact"
>
  <h2
    className="title"
  >
    Contact
  </h2>
  <div
    className="text"
  >
    Want to get in touch or talk about a project? Feel free to contact me here.
  </div>
  <form
    className="form"
    method="POST"
    name="contact"
    onSubmit={[Function]}
  >
    <input
      name="form-name"
      type="hidden"
      value="contact"
    />
    <input
      name="fuck-bots"
    />
    <input
      className="input"
      name="name"
      placeholder="What's your name?"
      required={true}
      type="text"
    />
    <input
      className="input"
      name="email"
      placeholder="What's your email?"
      required={true}
      type="email"
    />
    <textarea
      className="textarea"
      name="message"
      placeholder="How can I help you?"
    />
    <button
      className="sendButton"
      type="submit"
    >
      Send message
    </button>
  </form>
  <span
    className="copyText"
  >
    Created with ♥ by me - © 
    2019
  </span>
</section>
`;
