// Jest Snapshot v1, https://goo.gl/fbAQLP

exports[`renders correctly 1`] = `
<section
  className="section"
  id="home"
>
  <div
    className="particles"
    id="tsparticles"
  >
    <canvas
      style={
        Object {
          "height": "100vh",
          "width": "100vw",
        }
      }
    />
  </div>
  <h1
    className="greeting"
  >
    Hello, I'm 
    <span
      className="name"
    >
      Márk Munkácsi
    </span>
    .
    <br />
    I'm a frontend web developer.
  </h1>
  <a
    className="showMore"
    href="/#about"
    onClick={[Function]}
  >
    Show me more
    <svg
      className="showMoreArrow"
      viewBox="0 0 24 24"
      xmlns="http://www.w3.org/2000/svg"
    >
      <path
        d="M7.41 8.59L12 13.17l4.59-4.58L18 10l-6 6-6-6 1.41-1.41z"
      />
      <path
        d="M0 0h24v24H0V0z"
        fill="none"
      />
    </svg>
  </a>
</section>
`;
